render correctly when only required config is given:
  1: |
    apiVersion: v1
    data:
      config.yaml: |-
        server: "https://platform.jetstack.io"
        organization_id: test_org
        cluster_id: test_cluster
        data-gatherers:
        # gather k8s apiserver version information
        - kind: "k8s-discovery"
          name: "k8s-discovery"
        # pods data is used in the pods and application_versions packages
        - kind: "k8s-dynamic"
          name: "k8s/pods"
          config:
            resource-type:
              resource: pods
              version: v1
        # gather services for pod readiness probe rules
        - kind: "k8s-dynamic"
          name: "k8s/services"
          config:
            resource-type:
              resource: services
              version: v1
        # gather higher level resources to ensure data to determine ownership is present
        - kind: "k8s-dynamic"
          name: "k8s/deployments"
          config:
            resource-type:
              version: v1
              resource: deployments
              group: apps
        - kind: "k8s-dynamic"
          name: "k8s/replicasets"
          config:
            resource-type:
              version: v1
              resource: replicasets
              group: apps
        - kind: "k8s-dynamic"
          name: "k8s/statefulsets"
          config:
            resource-type:
              version: v1
              resource: statefulsets
              group: apps
        - kind: "k8s-dynamic"
          name: "k8s/daemonsets"
          config:
            resource-type:
              version: v1
              resource: daemonsets
              group: apps
        - kind: "k8s-dynamic"
          name: "k8s/jobs"
          config:
            resource-type:
              version: v1
              resource: jobs
              group: batch
        - kind: "k8s-dynamic"
          name: "k8s/cronjobs"
          config:
            resource-type:
              version: v1
              resource: cronjobs
              group: batch
        - kind: "k8s-dynamic"
          name: "k8s/ingresses"
          config:
            resource-type:
              group: networking.k8s.io
              version: v1
              resource: ingresses
        - kind: "k8s-dynamic"
          name: "k8s/secrets"
          config:
            resource-type:
              version: v1
              resource: secrets
        - kind: "k8s-dynamic"
          name: "k8s/certificates"
          config:
            resource-type:
              group: cert-manager.io
              version: v1
              resource: certificates
        - kind: "k8s-dynamic"
          name: "k8s/certificaterequests"
          config:
            resource-type:
              group: cert-manager.io
              version: v1
              resource: certificaterequests
        - kind: "k8s-dynamic"
          name: "k8s/issuers"
          config:
            resource-type:
              group: cert-manager.io
              version: v1
              resource: issuers
        - kind: "k8s-dynamic"
          name: "k8s/clusterissuers"
          config:
            resource-type:
              group: cert-manager.io
              version: v1
              resource: clusterissuers
        - kind: "k8s-dynamic"
          name: "k8s/googlecasissuers"
          config:
            resource-type:
              group: cas-issuer.jetstack.io
              version: v1beta1
              resource: googlecasissuers
        - kind: "k8s-dynamic"
          name: "k8s/googlecasclusterissuers"
          config:
            resource-type:
              group: cas-issuer.jetstack.io
              version: v1beta1
              resource: googlecasclusterissuers
        - kind: "k8s-dynamic"
          name: "k8s/awspcaissuer"
          config:
            resource-type:
              group: awspca.cert-manager.io
              version: v1beta1
              resource: awspcaissuers
        - kind: "k8s-dynamic"
          name: "k8s/awspcaclusterissuers"
          config:
            resource-type:
              group: awspca.cert-manager.io
              version: v1beta1
              resource: awspcaclusterissuers
        - kind: "k8s-dynamic"
          name: "k8s/mutatingwebhookconfigurations"
          config:
            resource-type:
              group: admissionregistration.k8s.io
              version: v1
              resource: mutatingwebhookconfigurations
        - kind: "k8s-dynamic"
          name: "k8s/validatingwebhookconfigurations"
          config:
            resource-type:
              group: admissionregistration.k8s.io
              version: v1
              resource: validatingwebhookconfigurations
        - kind: "k8s-dynamic"
          name: "k8s/gateways"
          config:
            resource-type:
              group: networking.istio.io
              version: v1alpha3
              resource: gateways
        - kind: "k8s-dynamic"
          name: "k8s/virtualservices"
          config:
            resource-type:
              group: networking.istio.io
              version: v1alpha3
              resource: virtualservices
        - kind: "k8s-dynamic"
          name: "k8s/routes"
          config:
            resource-type:
              version: v1
              group: route.openshift.io
              resource: routes
        - kind: "k8s-dynamic"
          name: "k8s/venaficlusterissuers"
          config:
            resource-type:
              group: jetstack.io
              version: v1alpha1
              resource: venaficlusterissuers
        - kind: "k8s-dynamic"
          name: "k8s/venafiissuers"
          config:
            resource-type:
              group: jetstack.io
              version: v1alpha1
              resource: venafiissuers
    kind: ConfigMap
    metadata:
      labels:
        app.kubernetes.io/instance: RELEASE-NAME
        app.kubernetes.io/managed-by: Helm
        app.kubernetes.io/name: jetstack-agent
        app.kubernetes.io/version: v0.1.43
        helm.sh/chart: jetstack-agent-0.4.0
      name: agent-config
      namespace: NAMESPACE
